
> butchiso-astro@1.0.0 build
> astro check && astro build

[2m11:22:56[22m [34m[content][39m Syncing content
[2m11:22:56[22m [34m[content][39m Synced content
[2m11:22:56[22m [34m[types][39m Generated [2m504ms[22m
[2m11:22:56[22m [34m[check][39m Getting diagnostics for Astro files in C:\Users\neox\codes\hungneox.github.io...
[96mjs/easybook.js[0m:[93m167[0m:[93m30[0m - [93mwarning[0m[90m ts(6133): [0m'e' is declared but its value is never read.

[7m167[0m     function dblClickHandler(e){
[7m   [0m [93m                             ~[0m
[96mjs/easybook.js[0m:[93m112[0m:[93m13[0m - [93mwarning[0m[90m ts(6133): [0m'scrollTop' is declared but its value is never read.

[7m112[0m         var scrollTop=aniscroll.getTop(), dummyClientTop=scrolldummy.getBoundingClientRect().top,
[7m   [0m [93m            ~~~~~~~~~[0m
[96mjs/easybook.js[0m:[93m110[0m:[93m9[0m - [93mwarning[0m[90m ts(6133): [0m'ppc' is declared but its value is never read.

[7m110[0m     var ppc = document.querySelector('.col-main');
[7m   [0m [93m        ~~~[0m

[96mpublic/assets/js/plugins/jquery.dlmenu.js[0m:[93m132[0m:[93m45[0m - [93mwarning[0m[90m ts(6133): [0m'event' is declared but its value is never read.

[7m132[0m    this.$back.on( 'click.dlmenu', function( event ) {
[7m   [0m [93m                                            ~~~~~[0m
[96mpublic/assets/js/plugins/jquery.dlmenu.js[0m:[93m32[0m:[93m31[0m - [93mwarning[0m[90m ts(6133): [0m'ev' is declared but its value is never read.

[7m32[0m   onLinkClick : function( el, ev ) { return false; }
[7m  [0m [93m                              ~~[0m
[96mpublic/assets/js/plugins/jquery.dlmenu.js[0m:[93m32[0m:[93m27[0m - [93mwarning[0m[90m ts(6133): [0m'el' is declared but its value is never read.

[7m32[0m   onLinkClick : function( el, ev ) { return false; }
[7m  [0m [93m                          ~~[0m
[96mpublic/assets/js/plugins/jquery.dlmenu.js[0m:[93m29[0m:[93m32[0m - [93mwarning[0m[90m ts(6133): [0m'name' is declared but its value is never read.

[7m29[0m   onLevelClick : function( el, name ) { return false; },
[7m  [0m [93m                               ~~~~[0m
[96mpublic/assets/js/plugins/jquery.dlmenu.js[0m:[93m29[0m:[93m28[0m - [93mwarning[0m[90m ts(6133): [0m'el' is declared but its value is never read.

[7m29[0m   onLevelClick : function( el, name ) { return false; },
[7m  [0m [93m                           ~~[0m
[96mpublic/assets/js/plugins/jquery.dlmenu.js[0m:[93m11[0m:[93m25[0m - [93mwarning[0m[90m ts(6133): [0m'undefined' is declared but its value is never read.

[7m11[0m ;( function( $, window, undefined ) {
[7m  [0m [93m                        ~~~~~~~~~[0m

[96mpublic/assets/js/plugins/respond.js[0m:[93m275[0m:[93m9[0m - [93mwarning[0m[90m ts(6385): [0m'type' is deprecated.

[7m275[0m      ss.type = "text/css";
[7m   [0m [93m        ~~~~[0m
[96mpublic/assets/js/plugins/respond.js[0m:[93m167[0m:[93m117[0m - [93mwarning[0m[90m ts(6385): [0m'$2' is deprecated.

[7m167[0m       maxw : thisq.match( /\(\s*max\-width\s*:\s*(\s*[0-9\.]+)(px|em)\s*\)/ ) && parseFloat( RegExp.$1 ) + ( RegExp.$2 || "" )
[7m   [0m [93m                                                                                                                    ~~[0m
[96mpublic/assets/js/plugins/respond.js[0m:[93m167[0m:[93m101[0m - [93mwarning[0m[90m ts(6385): [0m'$1' is deprecated.

[7m167[0m       maxw : thisq.match( /\(\s*max\-width\s*:\s*(\s*[0-9\.]+)(px|em)\s*\)/ ) && parseFloat( RegExp.$1 ) + ( RegExp.$2 || "" )
[7m   [0m [93m                                                                                                    ~~[0m
[96mpublic/assets/js/plugins/respond.js[0m:[93m166[0m:[93m117[0m - [93mwarning[0m[90m ts(6385): [0m'$2' is deprecated.

[7m166[0m       minw : thisq.match( /\(\s*min\-width\s*:\s*(\s*[0-9\.]+)(px|em)\s*\)/ ) && parseFloat( RegExp.$1 ) + ( RegExp.$2 || "" ),
[7m   [0m [93m                                                                                                                    ~~[0m
[96mpublic/assets/js/plugins/respond.js[0m:[93m166[0m:[93m101[0m - [93mwarning[0m[90m ts(6385): [0m'$1' is deprecated.

[7m166[0m       minw : thisq.match( /\(\s*min\-width\s*:\s*(\s*[0-9\.]+)(px|em)\s*\)/ ) && parseFloat( RegExp.$1 ) + ( RegExp.$2 || "" ),
[7m   [0m [93m                                                                                                    ~~[0m
[96mpublic/assets/js/plugins/respond.js[0m:[93m163[0m:[93m85[0m - [93mwarning[0m[90m ts(6385): [0m'$2' is deprecated.

[7m163[0m       media : thisq.split( "(" )[ 0 ].match( /(only\s+)?([a-zA-Z]+)\s?/ ) && RegExp.$2 || "all",
[7m   [0m [93m                                                                                    ~~[0m
[96mpublic/assets/js/plugins/respond.js[0m:[93m154[0m:[93m47[0m - [93mwarning[0m[90m ts(6385): [0m'$2' is deprecated.

[7m154[0m      rules.push( RegExp.$2 && repUrls( RegExp.$2 ) );
[7m   [0m [93m                                              ~~[0m
[96mpublic/assets/js/plugins/respond.js[0m:[93m154[0m:[93m25[0m - [93mwarning[0m[90m ts(6385): [0m'$2' is deprecated.

[7m154[0m      rules.push( RegExp.$2 && repUrls( RegExp.$2 ) );
[7m   [0m [93m                        ~~[0m
[96mpublic/assets/js/plugins/respond.js[0m:[93m153[0m:[93m73[0m - [93mwarning[0m[90m ts(6385): [0m'$1' is deprecated.

[7m153[0m      fullq = qs[ i ].match( /@media *([^\{]+)\{([\S\s]+?)$/ ) && RegExp.$1;
[7m   [0m [93m                                                                        ~~[0m
[96mpublic/assets/js/plugins/respond.js[0m:[93m91[0m:[93m29[0m - [93mwarning[0m[90m ts(6385): [0m'$1' is deprecated.

[7m91[0m        href.replace( RegExp.$1, "" ).split( "/" )[0] === win.location.host ){
[7m  [0m [93m                            ~~[0m
[96mpublic/assets/js/plugins/respond.js[0m:[93m4[0m:[93m58[0m - [93mwarning[0m[90m ts(6133): [0m'undefined' is declared but its value is never read.

[7m4[0m window.matchMedia = window.matchMedia || (function( doc, undefined ) {
[7m [0m [93m                                                         ~~~~~~~~~[0m

[96mpublic/assets/js/plugins/socialcount.js[0m:[93m262[0m:[93m7[0m - [93mwarning[0m[90m ts(6133): [0m'$iframe' is declared but its value is never read.

[7m262[0m       $iframe,
[7m   [0m [93m      ~~~~~~~[0m
[96mpublic/assets/js/plugins/socialcount.js[0m:[93m238[0m:[93m38[0m - [93mwarning[0m[90m ts(6133): [0m'event' is declared but its value is never read.

[7m238[0m     }).bind( 'mouseleave', function( event ) {
[7m   [0m [93m                                     ~~~~~[0m
[96mpublic/assets/js/plugins/socialcount.js[0m:[93m224[0m:[93m54[0m - [93mwarning[0m[90m ts(6133): [0m'event' is declared but its value is never read.

[7m224[0m     $a.closest( 'li' ).bind( 'mouseenter', function( event ) {
[7m   [0m [93m                                                     ~~~~~[0m
[96mpublic/assets/js/plugins/socialcount.js[0m:[93m36[0m:[93m5[0m - [93mwarning[0m[90m ts(6133): [0m'dir' is declared but its value is never read.

[7m36[0m     dir;
[7m  [0m [93m    ~~~[0m

[96msrc/content.config.ts[0m:[93m17[0m:[93m15[0m - [93mwarning[0m[90m ts(6385): [0m'z' is deprecated.

[7m17[0m     comments: z.boolean().default(true),
[7m  [0m [93m              ~[0m
[96msrc/content.config.ts[0m:[93m16[0m:[93m16[0m - [93mwarning[0m[90m ts(6385): [0m'z' is deprecated.

[7m16[0m     published: z.boolean().default(true),
[7m  [0m [93m               ~[0m
[96msrc/content.config.ts[0m:[93m15[0m:[93m16[0m - [93mwarning[0m[90m ts(6385): [0m'z' is deprecated.

[7m15[0m     permalink: z.string().optional(),
[7m  [0m [93m               ~[0m
[96msrc/content.config.ts[0m:[93m14[0m:[93m40[0m - [93mwarning[0m[90m ts(6385): [0m'z' is deprecated.

[7m14[0m     categories: z.array(z.string()).or(z.string().transform(s => [s])).optional(),
[7m  [0m [93m                                       ~[0m
[96msrc/content.config.ts[0m:[93m14[0m:[93m25[0m - [93mwarning[0m[90m ts(6385): [0m'z' is deprecated.

[7m14[0m     categories: z.array(z.string()).or(z.string().transform(s => [s])).optional(),
[7m  [0m [93m                        ~[0m
[96msrc/content.config.ts[0m:[93m14[0m:[93m17[0m - [93mwarning[0m[90m ts(6385): [0m'z' is deprecated.

[7m14[0m     categories: z.array(z.string()).or(z.string().transform(s => [s])).optional(),
[7m  [0m [93m                ~[0m
[96msrc/content.config.ts[0m:[93m13[0m:[93m34[0m - [93mwarning[0m[90m ts(6385): [0m'z' is deprecated.

[7m13[0m     tags: z.array(z.string()).or(z.string().transform(s => [s])).optional(),
[7m  [0m [93m                                 ~[0m
[96msrc/content.config.ts[0m:[93m13[0m:[93m19[0m - [93mwarning[0m[90m ts(6385): [0m'z' is deprecated.

[7m13[0m     tags: z.array(z.string()).or(z.string().transform(s => [s])).optional(),
[7m  [0m [93m                  ~[0m
[96msrc/content.config.ts[0m:[93m13[0m:[93m11[0m - [93mwarning[0m[90m ts(6385): [0m'z' is deprecated.

[7m13[0m     tags: z.array(z.string()).or(z.string().transform(s => [s])).optional(),
[7m  [0m [93m          ~[0m
[96msrc/content.config.ts[0m:[93m12[0m:[93m12[0m - [93mwarning[0m[90m ts(6385): [0m'z' is deprecated.

[7m12[0m     image: z.string().optional(),
[7m  [0m [93m           ~[0m
[96msrc/content.config.ts[0m:[93m11[0m:[93m13[0m - [93mwarning[0m[90m ts(6385): [0m'z' is deprecated.

[7m11[0m     author: z.string().default('Q-Hung'),
[7m  [0m [93m            ~[0m
[96msrc/content.config.ts[0m:[93m10[0m:[93m18[0m - [93mwarning[0m[90m ts(6385): [0m'z' is deprecated.

[7m10[0m     description: z.string().optional(),
[7m  [0m [93m                 ~[0m
[96msrc/content.config.ts[0m:[93m9[0m:[93m23[0m - [93mwarning[0m[90m ts(6385): [0m'z' is deprecated.

[7m9[0m     date: z.date().or(z.string()).transform((val) => new Date(val)),
[7m [0m [93m                      ~[0m
[96msrc/content.config.ts[0m:[93m9[0m:[93m11[0m - [93mwarning[0m[90m ts(6385): [0m'z' is deprecated.

[7m9[0m     date: z.date().or(z.string()).transform((val) => new Date(val)),
[7m [0m [93m          ~[0m
[96msrc/content.config.ts[0m:[93m8[0m:[93m12[0m - [93mwarning[0m[90m ts(6385): [0m'z' is deprecated.

[7m8[0m     title: z.string(),
[7m [0m [93m           ~[0m
[96msrc/content.config.ts[0m:[93m7[0m:[93m13[0m - [93mwarning[0m[90m ts(6385): [0m'z' is deprecated.

[7m7[0m     layout: z.string().optional(),
[7m [0m [93m            ~[0m
[96msrc/content.config.ts[0m:[93m6[0m:[93m11[0m - [93mwarning[0m[90m ts(6385): [0m'z' is deprecated.

[7m6[0m   schema: z.object({
[7m [0m [93m          ~[0m
[96msrc/content.config.ts[0m:[93m1[0m:[93m28[0m - [93mwarning[0m[90m ts(6385): [0m'z' is deprecated.

[7m1[0m import { defineCollection, z } from 'astro:content';
[7m [0m [93m                           ~[0m

[96msrc/components/HeadSetup.astro[0m:[93m54[0m:[93m9[0m - [93mwarning[0m[90m astro(4000): [0mThis script will be treated as if it has the `is:inline` directive because it contains an attribute. Therefore, features that require processing (e.g. using TypeScript or npm packages in the script) are unavailable.

See docs for more details: https://docs.astro.build/en/guides/client-side-scripts/#script-processing.

Add the `is:inline` directive explicitly to silence this hint.

[7m54[0m <script type="text/javascript" src="https://cdn.mathjax.org/mathjax/latest/MathJax.js?config=TeX-AMS-MML_HTMLorMML"></script>
[7m  [0m [93m        ~~~~[0m

Result (17 files): 
- 0 errors
- 0 warnings
- 43 hints

[2m11:23:01[22m [34m[content][39m Syncing content
[2m11:23:01[22m [34m[content][39m Synced content
[2m11:23:01[22m [34m[types][39m Generated [2m494ms[22m
[2m11:23:01[22m [34m[build][39m output: [34m"static"[39m
[2m11:23:01[22m [34m[build][39m mode: [34m"static"[39m
[2m11:23:01[22m [34m[build][39m directory: [34mC:\Users\neox\codes\hungneox.github.io\dist\[39m
[2m11:23:01[22m [34m[build][39m Collecting build info...
[2m11:23:01[22m [34m[build][39m [32mΓ£ô Completed in 508ms.[39m
[2m11:23:01[22m [34m[build][39m Building static entrypoints...
node.exe : DEPRECATION WARNING [import]: Sass @import 
rules are deprecated and will be removed in Dart Sass 
3.0.0.
At line:1 char:1
+ & "C:\nvm4w\nodejs/node.exe" 
"C:\nvm4w\nodejs/node_modules/npm/bin/np ...
+ ~~~~~~~~~~~~~~~~~~~~~~~~~~~~~~~~~~~~~~~~~~~~~~~~~~~~~~~~~
~~~~~~~~~~~~
    + CategoryInfo          : NotSpecified: (DEPRECATION W 
   AR...art Sass 3.0.0.:String) [], RemoteException
    + FullyQualifiedErrorId : NativeCommandError
 

More info and automated migrator: 
https://sass-lang.com/d/import

   Γò╖
25 Γöé @import "base", "layout", "syntax-highlighting", 
"easybook";
   Γöé         ^^^^^^
   Γò╡
    src\styles\main.scss 25:9  root stylesheet

DEPRECATION WARNING [import]: Sass @import rules are 
deprecated and will be removed in Dart Sass 3.0.0.

More info and automated migrator: 
https://sass-lang.com/d/import

   Γò╖
25 Γöé @import "base", "layout", "syntax-highlighting", 
"easybook";
   Γöé                 ^^^^^^^^
   Γò╡
    src\styles\main.scss 25:17  root stylesheet

DEPRECATION WARNING [import]: Sass @import rules are 
deprecated and will be removed in Dart Sass 3.0.0.

More info and automated migrator: 
https://sass-lang.com/d/import

   Γò╖
25 Γöé @import "base", "layout", "syntax-highlighting", 
"easybook";
   Γöé                           ^^^^^^^^^^^^^^^^^^^^^
   Γò╡
    src\styles\main.scss 25:27  root stylesheet

DEPRECATION WARNING [import]: Sass @import rules are 
deprecated and will be removed in Dart Sass 3.0.0.

More info and automated migrator: 
https://sass-lang.com/d/import

   Γò╖
25 Γöé @import "base", "layout", "syntax-highlighting", 
"easybook";
   Γöé                                                  
^^^^^^^^^^
   Γò╡
    src\styles\main.scss 25:50  root stylesheet

DEPRECATION WARNING [import]: Sass @import rules are 
deprecated and will be removed in Dart Sass 3.0.0.

More info and automated migrator: 
https://sass-lang.com/d/import

    Γò╖
173 Γöé @import "post", "home";
    Γöé         ^^^^^^
    Γò╡
    src\styles\_layout.scss 173:9  @import
    src\styles\main.scss 25:17     root stylesheet

WARNING: 1 repetitive deprecation warnings omitted.
Run in verbose mode to see all warnings.

[33m[1m11:23:02[22m [WARN] [vite][39m [33m"matchHostname", "matchPathname", "matchPort" and "matchProtocol" are imported from external module "@astrojs/internal-helpers/remote" but never used in "node_modules/astro/dist/assets/utils/index.js".[39m
[2m11:23:02[22m [34m[vite][39m [32mΓ£ô built in 1.19s[39m
[2m11:23:02[22m [34m[vite][39m [32mΓ£ô built in 104ms[39m
[2m11:23:02[22m [34m[build][39m Rearranging server assets...

[42m[30m generating static routes [39m[49m
[2m11:23:03[22m   [34mΓö£ΓöÇ[39m [2m/vi/blog/1970-01-01-test/index.html[22m [2m(+15ms)[22m 
[2m11:23:03[22m   [34mΓö£ΓöÇ[39m [2m/vi/blog/2011-11-26-mysql-full-text-search-p1/index.html[22m [2m(+4ms)[22m 
[2m11:23:03[22m   [34mΓö£ΓöÇ[39m [2m/vi/blog/2011-12-28-mysql-full-text-search-p2/index.html[22m [2m(+4ms)[22m 
[2m11:23:03[22m   [34mΓö£ΓöÇ[39m [2m/vi/blog/2012-04-01-mysql-full-text-search-p3/index.html[22m [2m(+3ms)[22m 
[2m11:23:03[22m   [34mΓö£ΓöÇ[39m [2m/vi/blog/2012-04-08-cai-va-chay-thu-sphinx-tren-windows/index.html[22m [2m(+3ms)[22m 
[2m11:23:03[22m   [34mΓö£ΓöÇ[39m [2m/vi/blog/2013-03-29-gioi-thieu-mongo-db/index.html[22m [2m(+3ms)[22m 
[2m11:23:03[22m   [34mΓö£ΓöÇ[39m [2m/vi/blog/2013-06-22-cau-truc-du-lieu-phan-cap-va-ung-dung/index.html[22m [2m(+3ms)[22m 
[2m11:23:03[22m   [34mΓö£ΓöÇ[39m [2m/vi/blog/2013-07-11-so-sanh-chuoi-trong-php/index.html[22m [2m(+4ms)[22m 
[2m11:23:03[22m   [34mΓö£ΓöÇ[39m [2m/vi/blog/2013-07-15-character-set-va-collation-trong-mysql/index.html[22m [2m(+4ms)[22m 
[2m11:23:03[22m   [34mΓö£ΓöÇ[39m [2m/vi/blog/2013-08-03-sphinx-va-tim-kiem-tieng-viet/index.html[22m [2m(+4ms)[22m 
[2m11:23:03[22m   [34mΓö£ΓöÇ[39m [2m/vi/blog/2013-08-18-tim-hieu-ve-apache-solr/index.html[22m [2m(+3ms)[22m 
[2m11:23:03[22m   [34mΓö£ΓöÇ[39m [2m/vi/blog/2013-10-27-tim-hieu-ve-mo-hinh-khong-gian-vector/index.html[22m [2m(+3ms)[22m 
[2m11:23:03[22m   [34mΓö£ΓöÇ[39m [2m/vi/blog/2014-10-09-elasticsearch-va-geospatial-search/index.html[22m [2m(+3ms)[22m 
[2m11:23:03[22m   [34mΓö£ΓöÇ[39m [2m/vi/blog/2015-07-28-generator-in-es6-and-solving-callback-hell/index.html[22m [2m(+3ms)[22m 
[2m11:23:03[22m   [34mΓö£ΓöÇ[39m [2m/vi/blog/2016-01-19-ma-hoa-bat-doi-xung-rsa/index.html[22m [2m(+4ms)[22m 
[31m[1m11:23:03[22m [ERROR][39m RangeError: Invalid 
time value
    at Date.toISOString (<anonymous>)
    at Object.default (file:///C:/Users/neox/codes/hungneox
.github.io/dist/.prerender/chunks/_.._Dm2LOSBa.mjs:10:462)
    at new AstroComponentInstance (file:///C:/Users/neox/co
des/hungneox.github.io/dist/.prerender/chunks/prerender_Dbn
mChyW.mjs:4092:30)
    at createAstroComponentInstance (file:///C:/Users/neox/
codes/hungneox.github.io/dist/.prerender/chunks/prerender_D
bnmChyW.mjs:4144:20)
    at renderAstroComponent (file:///C:/Users/neox/codes/hu
ngneox.github.io/dist/.prerender/chunks/prerender_DbnmChyW.
mjs:4741:20)
    at renderComponent (file:///C:/Users/neox/codes/hungneo
x.github.io/dist/.prerender/chunks/prerender_DbnmChyW.mjs:4
762:12)
    at file:///C:/Users/neox/codes/hungneox.github.io/dist/
.prerender/chunks/_.._Dm2LOSBa.mjs:10:27
    at AstroComponentInstance.PostLayout [as factory] (file
:///C:/Users/neox/codes/hungneox.github.io/dist/.prerender/
chunks/astro-component_DjTiV3pV.mjs:17:12)
    at AstroComponentInstance.init (file:///C:/Users/neox/c
odes/hungneox.github.io/dist/.prerender/chunks/prerender_Db
nmChyW.mjs:4106:29)
    at AstroComponentInstance.render (file:///C:/Users/neox
/codes/hungneox.github.io/dist/.prerender/chunks/prerender_
DbnmChyW.mjs:4116:30)
[31m[1m11:23:03[22m [ERROR] [build][39m Caught error 
rendering 
/vi/blog/2016-04-23-tu-dong-nghia-trong-elasticsearch: 
RangeError: Invalid time value
Invalid time value
  [1mStack trace:[22m
[2m    at Date.toISOString (<anonymous>)
    at new AstroComponentInstance (file:///C:/Users/neox/co
des/hungneox.github.io/dist/.prerender/chunks/prerender_Dbn
mChyW.mjs:4092:30)
    at renderAstroComponent (file:///C:/Users/neox/codes/hu
ngneox.github.io/dist/.prerender/chunks/prerender_DbnmChyW.
mjs:4741:20)
    at file:///C:/Users/neox/codes/hungneox.github.io/dist/
.prerender/chunks/_.._Dm2LOSBa.mjs:10:27
    at AstroComponentInstance.init (file:///C:/Users/neox/c
odes/hungneox.github.io/dist/.prerender/chunks/prerender_Db
nmChyW.mjs:4106:29)[22m
[2m11:23:03[22m   [34mΓö£ΓöÇ[39m [2m/vi/blog/2016-04-23-tu-dong-nghia-trong-elasticsearch/index.html[22m
